Packet count:                7451
TLS messages:                7216
TLS Flows:                   334
TLS handshake messages:      1085
Certificates parsed:         31
Certificates failed parsing: 0
Incomplete Certificates:     104
